// Jest Snapshot v1, https://jestjs.io/docs/snapshot-testing

exports[`SoftwareApplicationSchema matches snapshot for JSON-LD schema structure 1`] = `
{
  "@context": "https://schema.org",
  "@type": "SoftwareApplication",
  "applicationCategory": "BusinessApplication",
  "applicationSubCategory": "Booking & Scheduling Software",
  "audience": {
    "@type": "BusinessAudience",
    "audienceType": [
      "Salons",
      "Spas",
      "Beauty professionals",
      "Wellness service providers",
      "Freelance stylists",
      "Barber shops",
    ],
  },
  "creator": {
    "@type": "Organization",
    "name": "The Daisy",
    "url": "https://www.jointhedaisy.com",
  },
  "description": "Beauty and wellness booking management software for salons, spas, and freelance service providers. Features online booking, appointment management, client management, payment processing, and cashback rewards.",
  "featureList": [
    "Online appointment booking",
    "Client management and CRM",
    "Staff scheduling and management",
    "Payment processing",
    "Cashback rewards program",
    "Promotional campaigns",
    "Business analytics and reporting",
    "Multi-language support (English/Arabic)",
    "Mobile app for iOS and Android",
    "Real-time availability calendar",
  ],
  "keywords": [
    "salon booking software",
    "spa management system",
    "beauty booking app",
    "wellness scheduling software",
    "appointment booking system",
    "salon management software",
    "beauty business software",
    "freelance stylist booking",
  ],
  "name": "The Daisy",
  "offers": {
    "@type": "AggregateOffer",
    "highPrice": "250",
    "lowPrice": "1",
    "offerCount": "6",
    "offers": [
      {
        "@type": "Offer",
        "description": "For solo professionals getting started. 14-day free trial, no card required. $1 per month keeps the workspace active; an additional $25 per month applies in any calendar month with more than 5 appointments. Branded booking site, personal service menu, WhatsApp and Instagram booking, appointment scheduling, payments, reviews and client records, and 50 AI receptionist conversations.",
        "name": "Starter Plan (Solo Professional)",
        "price": "1",
        "priceCurrency": "USD",
        "priceSpecification": {
          "@type": "UnitPriceSpecification",
          "billingDuration": "P1M",
          "price": "1",
          "priceCurrency": "USD",
        },
      },
      {
        "@type": "Offer",
        "description": "For solo professionals growing their client base. Everything in Starter plus online payments with cancellation policy, automated reminders, prepaid service packages, detailed reviews and feedback, and priority support.",
        "name": "Professional Plan",
        "price": "50",
        "priceCurrency": "USD",
        "priceSpecification": {
          "@type": "UnitPriceSpecification",
          "billingDuration": "P1M",
          "price": "50",
          "priceCurrency": "USD",
        },
      },
      {
        "@type": "Offer",
        "description": "For high-volume solo professionals. Everything in Professional plus 2 workspaces across 2 countries, advanced AI receptionist customization, email and WhatsApp template customization, advanced analytics, and free data migration with assisted onboarding.",
        "name": "Elite Plan (Solo Professional)",
        "price": "100",
        "priceCurrency": "USD",
        "priceSpecification": {
          "@type": "UnitPriceSpecification",
          "billingDuration": "P1M",
          "price": "100",
          "priceCurrency": "USD",
        },
      },
      {
        "@type": "Offer",
        "description": "For small teams getting online. 14-day free trial, no card required. $1 per month keeps the workspace active; an additional $50 per month applies in any calendar month with more than 5 appointments. 5 team members, 1 workspace, branded booking site, team calendar, payments, customer messaging, and 50 AI receptionist conversations.",
        "name": "Basic Plan (Business)",
        "price": "1",
        "priceCurrency": "USD",
        "priceSpecification": {
          "@type": "UnitPriceSpecification",
          "billingDuration": "P1M",
          "price": "1",
          "priceCurrency": "USD",
        },
      },
      {
        "@type": "Offer",
        "description": "For active salons and spas. Everything in Basic plus 10 team members, 2 workspaces, online payments, automated reminders, reviews, customer follow-up tools, and priority support.",
        "name": "Growth Plan (Business)",
        "price": "150",
        "priceCurrency": "USD",
        "priceSpecification": {
          "@type": "UnitPriceSpecification",
          "billingDuration": "P1M",
          "price": "150",
          "priceCurrency": "USD",
        },
      },
      {
        "@type": "Offer",
        "description": "For growing businesses with multiple branches. Everything in Growth plus 15 team members, 4 workspaces, advanced analytics, AI customization, free data migration, and assisted onboarding.",
        "name": "Business Plan",
        "price": "250",
        "priceCurrency": "USD",
        "priceSpecification": {
          "@type": "UnitPriceSpecification",
          "billingDuration": "P1M",
          "price": "250",
          "priceCurrency": "USD",
        },
      },
    ],
    "priceCurrency": "USD",
  },
  "operatingSystem": "Web browser, iOS, Android",
  "screenshot": "/images/og/og-default.jpg",
  "softwareHelp": {
    "@type": "WebPage",
    "url": "https://www.jointhedaisy.com/faq",
  },
  "url": "https://www.jointhedaisy.com",
}
`;
